src/controllers/analyticsController.ts(18,36): error TS7006: Parameter 'r' implicitly has an 'any' type.
src/controllers/analyticsController.ts(53,29): error TS7006: Parameter 'r' implicitly has an 'any' type.
src/controllers/gamificationController.ts(11,28): error TS2339: Property 'user' does not exist on type 'Request<ParamsDictionary, any, any, ParsedQs, Record<string, any>>'.
src/controllers/negotiationController.ts(54,37): error TS7006: Parameter 'l' implicitly has an 'any' type.
src/controllers/reportController.ts(158,48): error TS7006: Parameter 'acc' implicitly has an 'any' type.
src/controllers/reportController.ts(158,53): error TS7006: Parameter 'r' implicitly has an 'any' type.
src/controllers/reportController.ts(159,52): error TS7006: Parameter 'acc' implicitly has an 'any' type.
src/controllers/reportController.ts(159,57): error TS7006: Parameter 'r' implicitly has an 'any' type.
src/controllers/reportController.ts(160,44): error TS7006: Parameter 'acc' implicitly has an 'any' type.
src/controllers/reportController.ts(160,49): error TS7006: Parameter 'r' implicitly has an 'any' type.
src/controllers/reportController.ts(165,42): error TS7006: Parameter 'r' implicitly has an 'any' type.
src/controllers/reportController.ts(174,39): error TS7006: Parameter 'r' implicitly has an 'any' type.
src/models/Report.ts(1,34): error TS2503: Cannot find namespace 'mongoose'.
src/models/Report.ts(2,11): error TS2503: Cannot find namespace 'mongoose'.
src/models/Report.ts(58,21): error TS2503: Cannot find namespace 'mongoose'.
src/models/Report.ts(62,19): error TS2503: Cannot find namespace 'mongoose'.
src/models/Report.ts(79,26): error TS2304: Cannot find name 'mongoose'.
src/models/Report.ts(81,15): error TS2304: Cannot find name 'mongoose'.
src/models/Report.ts(138,19): error TS2304: Cannot find name 'mongoose'.
src/models/Report.ts(140,19): error TS2304: Cannot find name 'mongoose'.
src/models/Report.ts(144,29): error TS2304: Cannot find name 'mongoose'.
src/models/Report.ts(148,27): error TS2304: Cannot find name 'mongoose'.
src/models/Report.ts(159,16): error TS2304: Cannot find name 'mongoose'.
src/models/Report.ts(165,16): error TS2304: Cannot find name 'mongoose'.
